// Vitest Snapshot v1, https://vitest.dev/guide/snapshot.html

exports[`<Spellbook /> > renders correctly 1`] = `
{
  "asFragment": [Function],
  "baseElement": <body>
    <div>
      <div
        class="MuiStack-root css-1m6lmqt-MuiStack-root"
      >
        <div
          class="MuiStack-root css-1sf5043-MuiStack-root"
        >
          <div
            class="MuiBox-root css-i9gxme"
          />
          <svg
            aria-hidden="true"
            class="MuiSvgIcon-root MuiSvgIcon-fontSizeMedium css-f70x3d-MuiSvgIcon-root"
            data-testid="AutoFixOffIcon"
            focusable="false"
            viewBox="0 0 24 24"
          >
            <path
              d="m23 1-2.5 1.4L18 1l1.4 2.5L18 6l2.5-1.4L23 6l-1.4-2.5zm-8.34 6.22 2.12 2.12-2.44 2.44.81.81 2.55-2.55c.39-.39.39-1.02 0-1.41l-2.34-2.34a.9959.9959 0 0 0-1.41 0L11.4 8.84l.81.81zm-.78 6.65-3.75-3.75-6.86-6.86L2 4.53l6.86 6.86-6.57 6.57c-.39.39-.39 1.02 0 1.41l2.34 2.34c.39.39 1.02.39 1.41 0l6.57-6.57L19.47 22l1.27-1.27z"
            />
          </svg>
          <h5
            class="MuiTypography-root MuiTypography-h5 MuiTypography-gutterBottom css-1b7t60j-MuiTypography-root"
          >
            cart.empty
          </h5>
          <p
            class="MuiTypography-root MuiTypography-body1 css-1che66z-MuiTypography-root"
          >
            cart.hint
          </p>
          <div
            class="MuiBox-root css-i9gxme"
          />
        </div>
        <div
          aria-hidden="true"
          class="MuiBackdrop-root css-sox5kk-MuiBackdrop-root"
          style="opacity: 0; visibility: hidden;"
        >
          <div
            class="MuiStack-root css-6rg9iv-MuiStack-root"
          >
            <span
              class="MuiCircularProgress-root MuiCircularProgress-indeterminate MuiCircularProgress-colorPrimary css-mod6k9-MuiCircularProgress-root"
              role="progressbar"
              style="width: 40px; height: 40px;"
            >
              <svg
                class="MuiCircularProgress-svg css-1idz92c-MuiCircularProgress-svg"
                viewBox="22 22 44 44"
              >
                <circle
                  class="MuiCircularProgress-circle MuiCircularProgress-circleIndeterminate css-176wh8e-MuiCircularProgress-circle"
                  cx="44"
                  cy="44"
                  fill="none"
                  r="20.2"
                  stroke-width="3.6"
                />
              </svg>
            </span>
            cart.processing
          </div>
        </div>
      </div>
    </div>
  </body>,
  "container": <div>
    <div
      class="MuiStack-root css-1m6lmqt-MuiStack-root"
    >
      <div
        class="MuiStack-root css-1sf5043-MuiStack-root"
      >
        <div
          class="MuiBox-root css-i9gxme"
        />
        <svg
          aria-hidden="true"
          class="MuiSvgIcon-root MuiSvgIcon-fontSizeMedium css-f70x3d-MuiSvgIcon-root"
          data-testid="AutoFixOffIcon"
          focusable="false"
          viewBox="0 0 24 24"
        >
          <path
            d="m23 1-2.5 1.4L18 1l1.4 2.5L18 6l2.5-1.4L23 6l-1.4-2.5zm-8.34 6.22 2.12 2.12-2.44 2.44.81.81 2.55-2.55c.39-.39.39-1.02 0-1.41l-2.34-2.34a.9959.9959 0 0 0-1.41 0L11.4 8.84l.81.81zm-.78 6.65-3.75-3.75-6.86-6.86L2 4.53l6.86 6.86-6.57 6.57c-.39.39-.39 1.02 0 1.41l2.34 2.34c.39.39 1.02.39 1.41 0l6.57-6.57L19.47 22l1.27-1.27z"
          />
        </svg>
        <h5
          class="MuiTypography-root MuiTypography-h5 MuiTypography-gutterBottom css-1b7t60j-MuiTypography-root"
        >
          cart.empty
        </h5>
        <p
          class="MuiTypography-root MuiTypography-body1 css-1che66z-MuiTypography-root"
        >
          cart.hint
        </p>
        <div
          class="MuiBox-root css-i9gxme"
        />
      </div>
      <div
        aria-hidden="true"
        class="MuiBackdrop-root css-sox5kk-MuiBackdrop-root"
        style="opacity: 0; visibility: hidden;"
      >
        <div
          class="MuiStack-root css-6rg9iv-MuiStack-root"
        >
          <span
            class="MuiCircularProgress-root MuiCircularProgress-indeterminate MuiCircularProgress-colorPrimary css-mod6k9-MuiCircularProgress-root"
            role="progressbar"
            style="width: 40px; height: 40px;"
          >
            <svg
              class="MuiCircularProgress-svg css-1idz92c-MuiCircularProgress-svg"
              viewBox="22 22 44 44"
            >
              <circle
                class="MuiCircularProgress-circle MuiCircularProgress-circleIndeterminate css-176wh8e-MuiCircularProgress-circle"
                cx="44"
                cy="44"
                fill="none"
                r="20.2"
                stroke-width="3.6"
              />
            </svg>
          </span>
          cart.processing
        </div>
      </div>
    </div>
  </div>,
  "debug": [Function],
  "findAllByAltText": [Function],
  "findAllByDisplayValue": [Function],
  "findAllByLabelText": [Function],
  "findAllByPlaceholderText": [Function],
  "findAllByRole": [Function],
  "findAllByTestId": [Function],
  "findAllByText": [Function],
  "findAllByTitle": [Function],
  "findByAltText": [Function],
  "findByDisplayValue": [Function],
  "findByLabelText": [Function],
  "findByPlaceholderText": [Function],
  "findByRole": [Function],
  "findByTestId": [Function],
  "findByText": [Function],
  "findByTitle": [Function],
  "getAllByAltText": [Function],
  "getAllByDisplayValue": [Function],
  "getAllByLabelText": [Function],
  "getAllByPlaceholderText": [Function],
  "getAllByRole": [Function],
  "getAllByTestId": [Function],
  "getAllByText": [Function],
  "getAllByTitle": [Function],
  "getByAltText": [Function],
  "getByDisplayValue": [Function],
  "getByLabelText": [Function],
  "getByPlaceholderText": [Function],
  "getByRole": [Function],
  "getByTestId": [Function],
  "getByText": [Function],
  "getByTitle": [Function],
  "queryAllByAltText": [Function],
  "queryAllByDisplayValue": [Function],
  "queryAllByLabelText": [Function],
  "queryAllByPlaceholderText": [Function],
  "queryAllByRole": [Function],
  "queryAllByTestId": [Function],
  "queryAllByText": [Function],
  "queryAllByTitle": [Function],
  "queryByAltText": [Function],
  "queryByDisplayValue": [Function],
  "queryByLabelText": [Function],
  "queryByPlaceholderText": [Function],
  "queryByRole": [Function],
  "queryByTestId": [Function],
  "queryByText": [Function],
  "queryByTitle": [Function],
  "rerender": [Function],
  "unmount": [Function],
}
`;
